[     426ms] [ERROR] Failed to load resource: net::ERR_FILE_NOT_FOUND @ filesystem:https://docs.google.com/persistent/docs/fonts/k3k6o8UDI-1M0wlSV9XAw6lQkqWY8Q82sJaRE-NWIDdgffTTajNp9Q.woff2:0
[     426ms] [ERROR] Failed to load resource: net::ERR_FILE_NOT_FOUND @ filesystem:https://docs.google.com/persistent/docs/fonts/k3k6o8UDI-1M0wlSV9XAw6lQkqWY8Q82sJaRE-NWIDdgffTTNDNp9Q.woff2:0
[     426ms] [ERROR] Failed to load resource: net::ERR_FILE_NOT_FOUND @ filesystem:https://docs.google.com/persistent/docs/fonts/k3k6o8UDI-1M0wlSV9XAw6lQkqWY8Q82sJaRE-NWIDdgffTT6jRp9Q.woff2:0
[     427ms] [ERROR] Failed to load resource: net::ERR_FILE_NOT_FOUND @ filesystem:https://docs.google.com/persistent/docs/fonts/k3k6o8UDI-1M0wlSV9XAw6lQkqWY8Q82sJaRE-NWIDdgffTT0zRp9Q.woff2:0
[     427ms] [ERROR] Failed to load resource: net::ERR_FILE_NOT_FOUND @ filesystem:https://docs.google.com/persistent/docs/fonts/k3k8o8UDI-1M0wlSfdzyIEkpwTM29hr-8mTYIRyOSVz60_PG_HDfsxdp.woff2:0
[     427ms] [ERROR] Failed to load resource: net::ERR_FILE_NOT_FOUND @ filesystem:https://docs.google.com/persistent/docs/fonts/k3k8o8UDI-1M0wlSfdzyIEkpwTM29hr-8mTYIRyOSVz60_PG_HCBsxdp.woff2:0
[     428ms] [ERROR] Failed to load resource: net::ERR_FILE_NOT_FOUND @ filesystem:https://docs.google.com/persistent/docs/fonts/k3k8o8UDI-1M0wlSfdzyIEkpwTM29hr-8mTYIRyOSVz60_PG_HBftBdp.woff2:0
[     428ms] [ERROR] Failed to load resource: net::ERR_FILE_NOT_FOUND @ filesystem:https://docs.google.com/persistent/docs/fonts/k3k8o8UDI-1M0wlSfdzyIEkpwTM29hr-8mTYIRyOSVz60_PG_HBmtBdp.woff2:0
[     428ms] [ERROR] Failed to load resource: net::ERR_FILE_NOT_FOUND @ filesystem:https://docs.google.com/persistent/docs/fonts/L0xuDF4xlVMF-BfR8bXMIhJHg45mwgGEFl0_3vqPRg.woff2:0
[     429ms] [ERROR] Failed to load resource: net::ERR_FILE_NOT_FOUND @ filesystem:https://docs.google.com/persistent/docs/fonts/L0xuDF4xlVMF-BfR8bXMIhJHg45mwgGEFl0_Of2PRg.woff2:0
[     430ms] [ERROR] Failed to load resource: net::ERR_FILE_NOT_FOUND @ filesystem:https://docs.google.com/persistent/docs/fonts/L0xoDF4xlVMF-BfR8bXMIjhOsXG-q2oeuFoqFrlnAOW4.woff2:0
[     430ms] [ERROR] Failed to load resource: net::ERR_FILE_NOT_FOUND @ filesystem:https://docs.google.com/persistent/docs/fonts/L0xoDF4xlVMF-BfR8bXMIjhOsXG-q2oeuFoqFrmAB-W4.woff2:0
[     430ms] [ERROR] Failed to load resource: net::ERR_FILE_NOT_FOUND @ filesystem:https://docs.google.com/persistent/docs/fonts/UcCO3FwrK3iLTeHuS_nVMrMxCp50SjIw2boKoduKmMEVuLyfMZ0.woff2:0
[     432ms] [ERROR] Failed to load resource: net::ERR_FILE_NOT_FOUND @ filesystem:https://docs.google.com/persistent/docs/fonts/UcCO3FwrK3iLTeHuS_nVMrMxCp50SjIw2boKoduKmMEVuFuYMZ0.woff2:0
[     433ms] [ERROR] Failed to load resource: net::ERR_FILE_NOT_FOUND @ filesystem:https://docs.google.com/persistent/docs/fonts/UcCM3FwrK3iLTcvneQg7Ca725JhhKnNqk4j1ebLhAm8SrXTc2dthiA.woff2:0
[     434ms] [ERROR] Failed to load resource: net::ERR_FILE_NOT_FOUND @ filesystem:https://docs.google.com/persistent/docs/fonts/UcCM3FwrK3iLTcvneQg7Ca725JhhKnNqk4j1ebLhAm8SrXTcPtxhiA.woff2:0
[     435ms] [ERROR] Failed to load resource: net::ERR_FAILED @ chrome-extension://invalid/:0
[     713ms] [ERROR] Failed to load resource: net::ERR_FILE_NOT_FOUND @ filesystem:https://docs.google.com/persistent/docs/fonts/k3k6o8UDI-1M0wlSV9XAw6lQkqWY8Q82sJaRE-NWIDdgffTTajNp9Q.woff2:0
[     713ms] [ERROR] Failed to load resource: net::ERR_FILE_NOT_FOUND @ filesystem:https://docs.google.com/persistent/docs/fonts/k3k6o8UDI-1M0wlSV9XAw6lQkqWY8Q82sJaRE-NWIDdgffTTNDNp9Q.woff2:0
[     713ms] [ERROR] Failed to load resource: net::ERR_FILE_NOT_FOUND @ filesystem:https://docs.google.com/persistent/docs/fonts/k3k6o8UDI-1M0wlSV9XAw6lQkqWY8Q82sJaRE-NWIDdgffTT6jRp9Q.woff2:0
[     713ms] [ERROR] Failed to load resource: net::ERR_FILE_NOT_FOUND @ filesystem:https://docs.google.com/persistent/docs/fonts/k3k6o8UDI-1M0wlSV9XAw6lQkqWY8Q82sJaRE-NWIDdgffTT0zRp9Q.woff2:0
[     713ms] [ERROR] Failed to load resource: net::ERR_FILE_NOT_FOUND @ filesystem:https://docs.google.com/persistent/docs/fonts/k3k8o8UDI-1M0wlSfdzyIEkpwTM29hr-8mTYIRyOSVz60_PG_HDfsxdp.woff2:0
[     714ms] [ERROR] Failed to load resource: net::ERR_FILE_NOT_FOUND @ filesystem:https://docs.google.com/persistent/docs/fonts/k3k8o8UDI-1M0wlSfdzyIEkpwTM29hr-8mTYIRyOSVz60_PG_HCBsxdp.woff2:0
[     714ms] [ERROR] Failed to load resource: net::ERR_FILE_NOT_FOUND @ filesystem:https://docs.google.com/persistent/docs/fonts/k3k8o8UDI-1M0wlSfdzyIEkpwTM29hr-8mTYIRyOSVz60_PG_HBftBdp.woff2:0
[     714ms] [ERROR] Failed to load resource: net::ERR_FILE_NOT_FOUND @ filesystem:https://docs.google.com/persistent/docs/fonts/k3k8o8UDI-1M0wlSfdzyIEkpwTM29hr-8mTYIRyOSVz60_PG_HBmtBdp.woff2:0
[     714ms] [ERROR] Failed to load resource: net::ERR_FILE_NOT_FOUND @ filesystem:https://docs.google.com/persistent/docs/fonts/L0xuDF4xlVMF-BfR8bXMIhJHg45mwgGEFl0_3vqPRg.woff2:0
[     714ms] [ERROR] Failed to load resource: net::ERR_FILE_NOT_FOUND @ filesystem:https://docs.google.com/persistent/docs/fonts/L0xuDF4xlVMF-BfR8bXMIhJHg45mwgGEFl0_Of2PRg.woff2:0
[     714ms] [ERROR] Failed to load resource: net::ERR_FILE_NOT_FOUND @ filesystem:https://docs.google.com/persistent/docs/fonts/L0xoDF4xlVMF-BfR8bXMIjhOsXG-q2oeuFoqFrlnAOW4.woff2:0
[     715ms] [ERROR] Failed to load resource: net::ERR_FILE_NOT_FOUND @ filesystem:https://docs.google.com/persistent/docs/fonts/L0xoDF4xlVMF-BfR8bXMIjhOsXG-q2oeuFoqFrmAB-W4.woff2:0
[     715ms] [ERROR] Failed to load resource: net::ERR_FILE_NOT_FOUND @ filesystem:https://docs.google.com/persistent/docs/fonts/UcCO3FwrK3iLTeHuS_nVMrMxCp50SjIw2boKoduKmMEVuLyfMZ0.woff2:0
[     715ms] [ERROR] Failed to load resource: net::ERR_FILE_NOT_FOUND @ filesystem:https://docs.google.com/persistent/docs/fonts/UcCO3FwrK3iLTeHuS_nVMrMxCp50SjIw2boKoduKmMEVuFuYMZ0.woff2:0
[     715ms] [ERROR] Failed to load resource: net::ERR_FILE_NOT_FOUND @ filesystem:https://docs.google.com/persistent/docs/fonts/UcCM3FwrK3iLTcvneQg7Ca725JhhKnNqk4j1ebLhAm8SrXTc2dthiA.woff2:0
[     716ms] [ERROR] Failed to load resource: net::ERR_FILE_NOT_FOUND @ filesystem:https://docs.google.com/persistent/docs/fonts/UcCM3FwrK3iLTcvneQg7Ca725JhhKnNqk4j1ebLhAm8SrXTcPtxhiA.woff2:0
[    1690ms] [ERROR] Failed to load resource: the server responded with a status of 401 () @ https://docs.google.com/presentation/d/1iGGe--4lk6xUIckD4COst0_h-3LNvEI-y25XqwOGpsg/docos/p/sync?sid=5f17bfd7299a03b1&vc=0&c=0&w=0&flr=0&smv=9&smb=%5B9%2C%20%5D&includes_info_params=1:0
[    3770ms] [ERROR] Failed to load resource: the server responded with a status of 403 () @ https://accounts.google.com/v3/signin/identifier?continue=https%3A%2F%2Fdocs.google.com%2Fdrivesharing%2Fclientmodel%3Fid%3D1iGGe--4lk6xUIckD4COst0_h-3LNvEI-y25XqwOGpsg%26foreignService%3Dpunch%26authuser%3D0%26origin%3Dhttps%3A%2F%2Fdocs.google.com&dsh=S-1556410993%3A1776606257838515&followup=https%3A%2F%2Fdocs.google.com%2Fdrivesharing%2Fclientmodel%3Fid%3D1iGGe--4lk6xUIckD4COst0_h-3LNvEI-y25XqwOGpsg%26foreignService%3Dpunch%26authuser%3D0%26origin%3Dhttps%3A%2F%2Fdocs.google.com&passive=1209600&flowName=WebLiteSignIn&flowEntry=ServiceLogin&ifkv=AT1y2_WEsGjP1SJQPnPhrqWEDu-UhGYWuFBvPHow3FGCzBw3vthXT04xTZBxYlYjy89rIL5F7ahByQ:0
